Assembling bootsector...
Compiling kernel...
Linking Kernel...
Concatenating binaries...
Build complete!
